// Jest Snapshot v1, https://goo.gl/fbAQLP

exports[`Header renders correctly 1`] = `
<View
  pointerEvents="none"
  style={
    {
      "display": "flex",
      "flexDirection": "row",
      "justifyContent": "flex-end",
      "left": 0,
      "padding": 20,
      "paddingTop": 55,
      "position": "absolute",
      "top": 0,
      "width": "100%",
      "zIndex": 99,
    }
  }
>
  <Text
    style={
      {
        "color": "#BB86FC",
        "fontSize": 20,
        "fontWeight": "bold",
      }
    }
  >
    dotWeather
  </Text>
</View>
`;
